stdout of test 'nil_2dec_lng.Bug-3592` in directory 'sql/test/BugTracker-2014` itself:


# 23:28:04 >  
# 23:28:04 >  "mserver5" "--debug=10" "--set" "gdk_nr_threads=0" "--set" "mapi_open=true" "--set" "mapi_port=38459" "--set" "mapi_usock=/var/tmp/mtest-19113/.s.monetdb.38459" "--set" "monet_prompt=" "--forcemito" "--set" "mal_listing=2" "--dbpath=/export/scratch1/mk/Oct2014//Linux/var/MonetDB/mTests_sql_test_BugTracker-2014" "--set" "mal_listing=0" "--set" "embedded_r=yes"
# 23:28:04 >  

# MonetDB 5 server v11.19.0
# This is an unreleased version
# Serving database 'mTests_sql_test_BugTracker-2014', using 8 threads
# Compiled for x86_64-unknown-linux-gnu/64bit with 64bit OIDs dynamically linked
# Found 15.590 GiB available main-memory.
# Copyright (c) 1993-July 2008 CWI.
# Copyright (c) August 2008-2015 MonetDB B.V., all rights reserved
# Visit http://www.monetdb.org/ for further information
# Listening for connection requests on mapi:monetdb://vienna.ins.cwi.nl:38459/
# Listening for UNIX domain connection requests on mapi:monetdb:///var/tmp/mtest-19113/.s.monetdb.38459
# MonetDB/GIS module loaded
# MonetDB/SQL module loaded
# MonetDB/R   module loaded

Ready.

# 23:28:04 >  
# 23:28:04 >  "mclient" "-lsql" "-ftest" "-Eutf-8" "-i" "-e" "--host=/var/tmp/mtest-19113" "--port=38459"
# 23:28:04 >  

#create table foo_nil_2dec (t timestamp,v decimal(18,9));
#insert into foo_nil_2dec values (now(),42);
[ 1	]
#insert into foo_nil_2dec values (now(),43);
[ 1	]
#select (t-(select timestamp '1970-1-1')),v from foo_nil_2dec union all select (t-(select timestamp '1970-1-1')),null from foo_nil_2dec;
% .L5,	.L5 # table_name
% L2,	v # name
% sec_interval,	decimal # type
% 14,	20 # length
[ 1412467200.000,	42.000000000	]
[ 1412467200.000,	43.000000000	]
[ 1412467200.000,	NULL	]
[ 1412467200.000,	NULL	]
#explain select (t-(select timestamp '1970-1-1')),v from foo_nil_2dec union all select (t-(select timestamp '1970-1-1')),null from foo_nil_2dec;
% .explain # table_name
% mal # name
% clob # type
% 206 # length
function user.s5_1(A0:timestamp,A1:timestamp,A2:void):void;
    X_67:void := querylog.define("explain select (t-(select timestamp \\'1970-1-1\\')),v from foo_nil_2dec union all select (t-(select timestamp \\'1970-1-1\\')),null from foo_nil_2dec;","default_pipe",42);
    X_45 := bat.new(nil:oid,nil:str);
    X_52 := bat.append(X_45,".L5");
    X_61 := bat.append(X_52,".L5");
    X_47 := bat.new(nil:oid,nil:str);
    X_54 := bat.append(X_47,"L2");
    X_62 := bat.append(X_54,"v");
    X_48 := bat.new(nil:oid,nil:str);
    X_56 := bat.append(X_48,"sec_interval");
    X_63 := bat.append(X_56,"decimal");
    X_49 := bat.new(nil:oid,nil:int);
    X_58 := bat.append(X_49,13);
    X_65 := bat.append(X_58,18);
    X_51 := bat.new(nil:oid,nil:int);
    X_60 := bat.append(X_51,0);
    X_66 := bat.append(X_60,9);
    X_5:bat[:lng] := bat.new(nil:oid,nil:lng);
    X_4 := sql.mvc();
    C_8:bat[:oid] := sql.tid(X_4,"sys","foo_nil_2dec");
    X_11:bat[:timestamp] := sql.bind(X_4,"sys","foo_nil_2dec","t",0);
    (C_14,r1_14) := sql.bind(X_4,"sys","foo_nil_2dec","t",2);
    X_17:bat[:timestamp] := sql.bind(X_4,"sys","foo_nil_2dec","t",1);
    X_19 := sql.delta(X_11,C_14,r1_14,X_17);
    X_20 := algebra.projection(C_8,X_19);
    X_21 := calc.timestamp(A0,7);
    X_23:bat[:lng] := mal.manifold("mtime","diff",X_20,X_21);
    X_26 := bat.append(X_5,X_23,true);
    X_28 := calc.timestamp(A1,7);
    X_29:bat[:lng] := mal.manifold("mtime","diff",X_20,X_28);
    X_30 := bat.append(X_26,X_29,true);
    X_31:bat[:lng] := bat.new(nil:oid,nil:lng);
    X_32:bat[:lng] := sql.bind(X_4,"sys","foo_nil_2dec","v",0);
    (C_34,r1_45) := sql.bind(X_4,"sys","foo_nil_2dec","v",2);
    X_36:bat[:lng] := sql.bind(X_4,"sys","foo_nil_2dec","v",1);
    X_37 := sql.delta(X_32,C_34,r1_45,X_36);
    X_38 := algebra.projection(C_8,X_37);
    X_39 := bat.append(X_31,X_38,true);
    X_42 := algebra.project(X_29,nil:lng);
    X_43 := bat.append(X_39,X_42,true);
    sql.resultSet(X_61,X_62,X_63,X_65,X_66,X_30,X_43);
end user.s5_1;

# 23:28:04 >  
# 23:28:04 >  "Done."
# 23:28:04 >  

