stdout of test 'use_order_column_first.SF-2686008` in directory 'sql/test/BugTracker-2009` itself:


# 13:59:55 >  
# 13:59:55 >   mserver5 "--config=/ufs/niels/scratch/rc/Linux-x86_64/etc/monetdb5.conf" --debug=10 --set gdk_nr_threads=0 --set "monet_mod_path=/ufs/niels/scratch/rc/Linux-x86_64/lib/MonetDB5:/ufs/niels/scratch/rc/Linux-x86_64/lib/MonetDB5/lib:/ufs/niels/scratch/rc/Linux-x86_64/lib/MonetDB5/bin" --set "gdk_dbfarm=/ufs/niels/scratch/rc/Linux-x86_64/var/MonetDB5/dbfarm"  --set mapi_open=true --set xrpc_open=true --set mapi_port=37694 --set xrpc_port=42627 --set monet_prompt= --trace  "--dbname=mTests_src_test_BugTracker-2009" --set mal_listing=0 "--dbinit= include sql;" ; echo ; echo Over..
# 13:59:55 >  

# MonetDB server v5.16.0, based on kernel v1.34.0
# Serving database 'mTests_src_test_BugTracker-2009', using 4 threads
# Compiled for x86_64-unknown-linux-gnu/64bit with 64bit OIDs dynamically linked
# Detected 7.753 GiB (8324386816 bytes) main-memory.
# Copyright (c) 1993-July 2008 CWI.
# Copyright (c) August 2008-2009 MonetDB B.V., all rights reserved
# Visit http://monetdb.cwi.nl/ for further information
# Listening for connection requests on mapi:monetdb://alf.ins.cwi.nl:37694/
# MonetDB/SQL module v2.34.0 loaded

Ready.
# SQL catalog created, loading sql scripts once
# loading sql script: 09_like.sql
# loading sql script: 10_math.sql
# loading sql script: 11_times.sql
# loading sql script: 12_url.sql
# loading sql script: 13_date.sql
# loading sql script: 14_inet.sql
# loading sql script: 15_history.sql
# loading sql script: 16_tracelog.sql
# loading sql script: 17_compress.sql
# loading sql script: 18_dictionary.sql
# loading sql script: 19_cluster.sql
# loading sql script: 20_vacuum.sql
# loading sql script: 21_dependency_functions.sql
# loading sql script: 22_clients.sql
# loading sql script: 23_skyserver.sql
# loading sql script: 24_zorder.sql
# loading sql script: 25_debug.sql
# loading sql script: 39_analytics.sql
# loading sql script: 40_geom.sql
# loading sql script: 75_storagemodel.sql
# loading sql script: 80_udf.sql
# loading sql script: 99_system.sql

# 08:36:35 >  
# 08:36:35 >  "mclient" "-lsql" "-ftest" "-Eutf-8" "-i" "-e" "--host=/var/tmp/mtest-22906" "--port=34413"
# 08:36:35 >  

#create table unsorted (a int,b int);
#insert into unsorted values (2, 3);
[ 1	]
#insert into unsorted values (1, 2);
[ 1	]
#insert into unsorted values (4, 1);
[ 1	]
#insert into unsorted values (3, 2);
[ 1	]
#insert into unsorted values (2, 3);
[ 1	]
#insert into unsorted values (3, 3);
[ 1	]
#insert into unsorted values (3, 1);
[ 1	]
#insert into unsorted values (4, 3);
[ 1	]
#create table sorted (a int, b int);
#insert into sorted
#select * from unsorted
#order by a,b;
[ 8	]
% sys.sorted,	sys.sorted # table_name
% a,	b # name
% int,	int # type
% 1,	1 # length
[ 1,	2	]
[ 2,	3	]
[ 2,	3	]
[ 3,	1	]
[ 3,	2	]
[ 3,	3	]
[ 4,	1	]
[ 4,	3	]
% .plan # table_name
% rel # name
% clob # type
% 51 # length
project (
| group by (
| | table(sys.sorted) [ sorted.a, sorted.b ] COUNT 
| ) [ sorted.a, sorted.b ] [ sorted.a, sorted.b ]
) [ sorted.a, sorted.b ]
% .plan # table_name
% rel # name
% clob # type
% 51 # length
project (
| group by (
| | table(sys.sorted) [ sorted.a, sorted.b ] COUNT 
| ) [ sorted.b, sorted.a ] [ sorted.b, sorted.a ]
) [ sorted.a, sorted.b ]

# 13:59:55 >  
# 13:59:55 >  Done.
# 13:59:55 >  

