stdout of test 'huge_expression_and_column_name.SF-921173` in directory 'sql/test/BugDay_2005-10-06_2.9.3` itself:


# 16:51:09 >  
# 16:51:09 >   mserver5 "--config=/home/niels/scratch/monetdb/Linux-i686/etc/monetdb5.conf" --debug=10 --set gdk_nr_threads=4 --set "monet_mod_path=/home/niels/scratch/monetdb/Linux-i686/lib/MonetDB5:/home/niels/scratch/monetdb/Linux-i686/lib/MonetDB5/lib:/home/niels/scratch/monetdb/Linux-i686/lib/MonetDB5/bin" --set "gdk_dbfarm=/home/niels/scratch/monetdb/Linux-i686/var/MonetDB5/dbfarm"  --set mapi_open=true --set xrpc_open=true --set mapi_port=30596 --set xrpc_port=46487 --set monet_prompt= --trace  "--dbname=mTests_src_test_BugDay_2005-10-06_2.9.3" --set mal_listing=0 "--dbinit= include sql;" ; echo ; echo Over..
# 16:51:09 >  

# MonetDB server v5.17.0, based on kernel v1.35.0
# Serving database 'mTests_src_test_BugDay_2005-10-06_2.9.3', using 4 threads
# Compiled for i686-pc-linux-gnu/32bit with 32bit OIDs dynamically linked
# Detected 993.930 MiB (1042210816 bytes) main-memory.
# Copyright (c) 1993-July 2008 CWI.
# Copyright (c) August 2008-2009 MonetDB B.V., all rights reserved
# Visit http://monetdb.cwi.nl/ for further information
# Listening for connection requests on mapi:monetdb://localhost.localdomain:30596/
# MonetDB/SQL module v2.35.0 loaded

Ready.
#function user.main():void;
#    clients.quit();
#end main;


# 16:51:10 >  
# 16:51:10 >  mclient -lsql -i --host=localhost --port=30596 
# 16:51:10 >  

#select 1+(1+(1+(1+(1+(1+(1+(1+(1+(1+(1+(1+(1+(1+(1+(1+(1+(1+(1+(1+(1+(1+(1+(1+(1+(1+(1+(1+(1+(1+(1+(1+(1+(1+(1+(1+(1+(1+(1+(1+(1+(1+(1+(1+(1+(1+(1+(1+(1+(1+(1+(1+(1+(1+(1+(1+(1+(1+(1+(1+(1+(1+(1+(1+(1+(1+(1+(1+(1+(1+(1+(1+(1+(1+(1+(1+(1+(1+(1+(1+(1+(1+(1+(1+(1+(1+(1+(1+(1+(1+(1+(1+(1+(1+(1+(1+(1+(1+(1+(1+(1+(1+(1+(1+(1+(1+(1+(1+(1+(1+(1+(1+(1+(1+(1+(1+(1+(1+(1+(1+(1+(1+(1+(1+(1+(1+(1+(1+(1+(1+(1+(1+(1+(1+(1+(1+(1+(1+(1+(1+(1+(1+(1+(1+(1+(1+(1+(1+(1+(1+(1+(1+(1+(1+(1+(1+(1+(1+(1+(1+(1+(1+(1+(1+(1+(1+(1+(1+(1+(1+(1+(1+(1+(1+(1+(1+(1+(1+(1+(1+(1+(1+(1+(1+(1+(1+(1+(1+(1+(1+(1+(1+(1+(1+(1+(1+(1+(1+(1+(1+(1+(1+(1+(1+(1+(1+(1+(1+(1+(1+(1+(1+(1+(1+(1+(1+(1+(1+(1+(1+(1+(1+(1+(1+(1+(1+(1+(1+(1+(1+(1+(1+(1+(1+(1+(1+(1+(1+(1+(1+(1+(1+(1+(1+(1+(1+(1+(1+(1+(1+(1+(1+(1+(1+(1+(1+(1+(1+(1+(1+(1+(1+(1+(1+(1+(1+(1+(1+(1+(1+(1+(1+(1+(1+(1+(1+(1+(1+(1+(1+(1+(1+(1+(1+(1+(1+(1+(1+(1+(1+(1+(1+(1+(1+(1+(1+(1+(1+(1+(1+(1+(1+(1+(1+(1+(1+(1+(1+(1+(1+(1+(1+(1+(1+(1+(1+(1+(1+(1+(1+(1+(1+(1+(1+(1+(1+(1+(1+(1+(1+(1+(1+(1+(1+(1+(1+(1+(1+(1+(1+(1+(1+(1+(1+(1+(1+(1+(1+(1+(1+(1+(1+(1+(1+(1+(1+(1+(1+(1+(1+(1+(1+(1+(1+(1+(1+(1+(1+(1+(1+(1+(1+(1+(1+(1+(1+(1+(1+(1+(1+(1+(1+(1+(1+(1+(1+(1+(1+(1+(1+(1+(1+(1+(1+(1+(1+(1+(1+(1+(1+(1+(1+(1+(1+(1+(1+(1+(1+(1+(1+(1+(1+(1+(1+(1+(1+(1+(1+(1+(1+(1+(1+(1+(1+(1+(1+(1+(1+(1+(1+(1+(1+(1+(1+(1+(1+(1+(1+(1+(1+(1+(1+(1+(1+(1+(1+(1+(1+(1+(1+(1+(1+(1+(1+(1+(1+(1+(1+(1+(1+(1+(1+(1+(1+(1+(1+(1+(1+(1+(1+(1+(1+(1+(1+(1+(1+(1+(1+(1+(1+(1+(1+(1+(1+(1+(1+(1+(1+(1+(1+(1+(1+(1+(1+(1+(1+(1+(1+(1+(1+(1+(1+(1+(1+(1+(1+(1+(1+(1+(1+(1+(1+(1+(1+(1+(1+(1+(1+(1+(1+(1+(1+(1+(1+(1+(1+(1+(1+(1+(1+(1+(1+(1+(1+(1+(1+(1+(1+(1+(1+(1+(1+(1+(1+(1+(1+(1+(1+(1+(1+(1+(1+(1+(1+(1+(1+(1+(1+(1+(1+(1+(1+(1+(1+(1+(1+(1+(1+(1+(1+(1+(1+(1+(1+(1+(1+(1+(1+(1+(1+(1+(1+(1+(1+(1+(1+(1+(1+(1+(1+(1+(1+(1+(1+(1+(1+(1+(1+(1+(1+(1+(1+(1+(1+(1+(1+(1+(1+(1+(1+(1+(1+(1+(1+(1+(1+(1+(1+(1+(1+(1+(1+(1+(1+(1+(1+(1+(1+(1+(1+(1+(1+(1+(1+(1+(1+(1+(1+(1+(1+(1+(1+(1+(1+(1+(1+(1+(1+(1+(1+(1+(1+(1+(1+(1+(1+(1+(1+(1+(1+(1+(1+(1+(1+(1+(1+(1+(1+(1+(1+(1+(1+(1+(1+(1+(1+(1+(1+(1+(1+(1+(1+(1+(1+(1+(1+(1+(1+(1+(1+(1+(1+(1+(1+(1+(1+(1+(1+(1+(1+(1+(1+(1+(1+(1+(1+(1+(1+(1+(1+(1+(1+(1+(1+(1+(1+(1+(1+(1+(1+(1+(1+(1+(1+(1+(1+(1+(1+(1+(1+(1+(1+(1+(1+(1+(1+(1+(1+(1+(1+(1+(1+(1+(1+(1+(1+(1+(1+(1+(1+(1+(1+(1+(1+(1+(1+(1+(1+(1+(1+(1+(1+(1+(1+(1+(1+(1+(1+(1+(1+(1+(1+(1+(1+(1+(1+(1+(1+(1+(1+(1+(1+(1+(1+(1+(1+(1+(1+(1+(1+(1+(1+(1+(1+(1+(1+(1+(1+(1+(1+(1+(1+(1+(1+(1+(1+(1+(1+(1+(1+(1+(1+(1+(1+(1+(1+(1+(1+(1+(1+(1+(1+(1+(1+(1+(1+(1+(1+(1+(1+(1+(1+(1+(1+(1+(1+(1+(1+(1+(1+(1+(1+(1+(1+(1+(1+(1+(1+(1+(1+(1+(1+(1+(1+(1+(1+(1+(1+(1+(1+(1+(1+(1+(1+(1+(1+(1+(1+(1+(1+(1+(1+(1+(1+(1+(1+(1+(1+(1+(1+(1+(1+(1+(1+(1+(1+(1+(1+(1+(1+(1+(1+(1+(1+(1+(1+(1+(1+(1+(1+(1+(1+(1+(1+(1+(1+(1+(1+(1+(1+(1+(1+(1+(1+(1+(1+(1+(1+(1+(1+(1+(1+(1+(1+(1+(1+(1+(1+(1+(1+(1+(1+(1+(1+(1+(1+(1+(1+(1+(1+(1+(1+(1+(1+(1+(1+(1+(1+(1+(1+(1+(1+(1+(1+(1+(1+(1+(1+(1+(1+(1+(1+(1+(1+(1+(1+(1+(1+(1+(1+(1+(1+(1+(1+(1+(1+(1+(1+(1+(1+(1+(1+(1+(1+(1+(1+(1+(1+(1+(1+(1+(1+(1+(1+(1+(1+(1+(1+(1+(1+(1+(1+(1+(1+(1+(1+(1+(1+(1+(1+(1+(1+(1+(1+(1+(1+(1+(1+(1+(1+(1+(1+(1+(1+(1+(1+(1+(1+(1+(1+(1+(1+(1+(1+(1+(1+(1+(1+(1+(1+(1+(1+(1+(1+(1+(1+(1+(1+(1+(1+(1+(1+(1+(1+(1+(1+(1+(1+(1+(1+(1+(1+(1+(1+(1+(1+(1+(1+(1+(1+(1+(1+(1+(1+(1+(1+(1+(1+(1+(1+(1+(1+(1+(1+(1+(1+(1+(1+(1+(1+(1+(1+(1+(1+(1+(1+(1+(1+(1+(1+(1+(1+(1+(1+(1+(1+(1+(1+(1+(1+(1+(1+(1+(1+(1+(1+(1+(1+(1+(1+(1+(1+(1+(1+(1+(1+(1+(1+(1+(1+(1+(1+(1+(1+(1+(1+(1+(1+(1+(1+(1+(1+(1+(1+(1+(1+(1+(1+(1+(1+(1+(1+(1+(1+(1+(1+(1+(1+(1+(1+(1+(1+(1+(1+(1+(1+(1+(1+(1+(1+(1+(1+(1+(1+(1+(1+(1+(1+(1+(1+(1+(1+(1+(1+(1+(1+(1+(1+(1+(1+(1+(1+(1+(1+(1+(1+(1+(1+(1+(1+(1+(1+(1+(1+(1+(1+(1+(1+(1+(1+(1+(1+(1+(1+(1+(1+(1+(1+(1+(1+(1+(1+(1+(1+(1+(1+(1+(1+(1+(1+(1+(1+(1+(1+(1+(1+(1+(1+(1+(1+(1+(1+(1+(1+(1+(1+(1+(1+(1+(1+(1+(1+(1+(1+(1+(1+(1+(1+(1+(1+(1+(1+(1+(1+(1+(1+(1+(1+(1+(1+(1+(1+(1+(1+(1+(1+(1+(1+(1+(1+(1+(1+(1+(1+(1+(1+(1+(1+(1+(1+(1+(1+(1+(1+(1+(1+(1+(1+(1+(1+(1+(1+(1+(1+(1+(1+(1+(1+(1+(1+(1+(1+(1+(1+(1+(1+(1+(1+(1+(1+(1+(1+(1+(1+(1+(1+(1+(1+(1+(1+(1+(1+(1+(1+(1+(1+(1+(1+(1+(1+(1+(1+(1+(1+(1+(1+(1+(1+(1+(1+(1+(1+(1+(1+(1+(1+(1+(1+(1+(1+(1+(1+(1+(1+(1+(1+(1+(1+(1+(1+(1+(1+(1+(1+(1+(1+(1+(1+(1+(1+(1+(1+(1+(1+(1+(1+(1+(1+(1+(1+(1+(1+(1+(1+(1+(1+(1+(1+(1+(1+(1+(1+(1+(1+(1+(1+(1+(1+(1+(1+(1+(1+(1+(1+(1+(1+(1+(1+(1+(1+(1+(1+(1+(1+(1+(1+(1+(1+(1+(1+(1+(1+(1+(1+(1+(1+(1+(1+(1+(1+(1+(1+(1+(1+(1+(1+(1+(1+(1+(1+(1+(1+(1+(1+(1+(1+(1+(1+(1+(1+(1+(1+(1+(1+(1+(1+(1+(1+(1+(1+(1+(1+(1+(1+(1+(1+(1+(1+(1+(1+(1+(1+(1+(1+(1+(1+(1+(1+(1+(1+(1+(1+(1+(1+(1+(1+(1+(1+(1+(1+(1+(1+(1+(1+(1+(1+(1+(1+(1+(1+(1+(1+(1+(1+(1+(1+(1+(1+(1+(1+(1+(1+(1+(1+(1+(1+(1+(1+(1+(1+(1+(1+(1+(1+(1+(1+(1+(1+(1+(1+(1+(1+(1+(1+(1+(1+(1+(1+(1+(1+(1+(1+(1+(1+(1+(1+(1+(1+(1+(1+(1+(1+(1+(1+(1+(1+(1+(1+(1+(1+(1+(1+(1+(1+(1+(1+(1+(1+(1+(1+(1+(1+(1+(1+(1+(1+(1+(1+(1+(1+(1+(1+(1+(1+(1+(1+(1+(1+(1+(1+(1+(1+(1+(1+(1+(1+(1+(1+(1+(1+(1+(1+(1+(1+(1+(1+(1+(1+(1+(1+(1+(1+(1+(1+(1+(1+(1+(1+(1+(1+(1+(1+(1+(1+(1+(1+(1+(1+(1+(1+(1+(1+(1+(1+(1+(1+(1+(1+(1+(1+(1+(1+(1+(1+(1+(1+(1+(1+(1+(1+(1+(1+(1+(1+(1+(1+(1+(1+(1+(1+(1+(1+(1+(1+(1+(1+(1+(1+(1+(1+(1+(1+(1+(1+(1+(1+(1+(1+(1+(1+(1+(1+(1+(1+(1+(1+(1+(1+(1+(1+(1+(1+(1+(1+(1+(1+(1+(1+(1+(1+(1+(1+(1+(1+(1+(1+(1+(1+(1+(1+(1+(1+(1+(1+(1+(1+(1+(1+(1+(1+(1+(1+(1+(1+(1+(1+(1+(1+(1+(1+(1+(1+(1+(1+(1+(1+(1+(1+(1+(1+(1+(1+(1+(1+(1+(1+(1+(1+(1+(1+(1+(1+(1+(1+(1+(1+(1+(1+(1+(1+(1+(1+(1+(1+(1+(1+(1+(1+(1+(1+(1+(1+(1+(1+(1+(1+(1+(1+(1+(1+(1+(1+(1+(1+(1+(1+(1+(1+(1+(1+(1+(1+(1+(1+(1+(1+(1+(1+(1+(1+(1+(1+(1+(1+(1+(1+(1+(1+(1+(1+(1+(1+(1+(1+(1+(1+(1+(1+(1+(1+(1+(1+(1+(1+(1+(1+(1+(1+(1+(1+(1+(1+(1+(1+(1+(1+(1+(1+(1+(1+(1+(1+(1+(1+(1+(1+(1+(1+(1+(1+(1+(1+(1+(1+(1+(1+(1+(1+(1+(1+(1+(1+(1+(1+(1+(1+(1+(1+(1+(1+(1+(1+(1+(1+(1+(1+(1+(1+(1+(1+(1+(1+(1+(1+(1+(1+(1+(1+(1+(1+(1+(1+(1+(1+(1+(1+(1+(1+(1+(1+(1+(1+(1+(1+(1+(1+(1+(1+(1+(1+(1+(1+(1+(1+(1+(1+(1+(1+(1+(1+(1+(1+(1+(1+(1+(1+(1+(1+(1+(1+(1+(1+(1+(1+(1+(1+(1+(1+(1+(1+(1+(1+(1+(1+(1+(1+(1+(1+(1+(1+(1+(1+(1+(1+(1+(1+(1+(1+(1+(1+(1+(1+(1+(1+(1+(1+(1+(1+(1+(1+(1+(1+(1+(1+(1+(1+(1+(1+(1+(1+(1+(1+(1+(1+(1+(1+(1+(1+(1+(1+(1))))))))))))))))))))))))))))))))))))))))))))))))))))))))))))))))))))))))))))))))))))))))))))))))))))))))))))))))))))))))))))))))))))))))))))))))))))))))))))))))))))))))))))))))))))))))))))))))))))))))))))))))))))))))))))))))))))))))))))))))))))))))))))))))))))))))))))))))))))))))))))))))))))))))))))))))))))))))))))))))))))))))))))))))))))))))))))))))))))))))))))))))))))))))))))))))))))))))))))))))))))))))))))))))))))))))))))))))))))))))))))))))))))))))))))))))))))))))))))))))))))))))))))))))))))))))))))))))))))))))))))))))))))))))))))))))))))))))))))))))))))))))))))))))))))))))))))))))))))))))))))))))))))))))))))))))))))))))))))))))))))))))))))))))))))))))))))))))))))))))))))))))))))))))))))))))))))))))))))))))))))))))))))))))))))))))))))))))))))))))))))))))))))))))))))))))))))))))))))))))))))))))))))))))))))))))))))))))))))))))))))))))))))))))))))))))))))))))))))))))))))))))))))))))))))))))))))))))))))))))))))))))))))))))))))))))))))))))))))))))))))))))))))))))))))))))))))))))))))))))))))))))))))))))))))))))))))))))))))))))))))))))))))))))))))))))))))))))))))))))))))))))))))))))))))))))))))))))))))))))))))))))))))))))))))))))))))))))))))))))))))))))))))))))))))))))))))))))))))))))))))))))))))))))))))))))))))))))))))))))))))))))))))))))))))))))))))))))))))))))))))))))))))))))))))))))))))))))))))))))))))))))))))))))))))))))))))))))))))))))))))))))))))))))))))))))))))))))))))))))))))))))))))))))))))))))))))))))))))))))))))))))))))))))))))))))))))))))))))))))))))))))))))))))))))))))))))))))))))))))))))))))))))))))))))))))))))))))))))))))))))))))))))))))))))))))))))))))))))))))))))))))))))))))))))))))))))))))))))))))))))))))))))))))))))))))))))))))))))))))))))))))))))))))))))))))))))))))))))))))))))))))))))))))))))))))))))))))))))))))))))))))))))))))))))))))))))))))))))))))))))))))))))))))))))))))))))))))))))))))))))))))))))))))))))))))))))))))))))))))))))))))))))))))))))))))))))))))))))))))))))))))))))))))))))))))))))))))))))))))))))))))))))))))))))))))))))))))))))))));
% .L # table_name
% sql_add_single_value # name
% bigint # type
% 4 # length
[ 2001  ]


# 16:51:10 >  
# 16:51:10 >  Done.
# 16:51:10 >  

