stdout of test 'inspect00` in directory 'monetdb5/modules/mal` itself:


# 00:03:55 >  
# 00:03:55 >  Mtimeout -timeout 60 Mserver "--config=/ufs/mk/monet5/src/mal/Tests/All.conf" --debug=10 --set "monet_mod_path=/ufs/mk/monet5/Linux/lib/MonetDB5:/ufs/mk/opensource/MonetDB/Linux/lib/MonetDB" --set "gdk_dbfarm=/ufs/mk/opensource/MonetDB/Linux/var/MonetDB5/dbfarm" --set "sql_logdir=/ufs/mk/opensource/MonetDB/Linux/var/MonetDB5/log" --set mapi_port=33330 --set sql_port=49911 --set xquery_port=56575 --set monet_prompt= --trace --dbname=mTests_src_modules_mal  inspect00.mal </dev/null
# 00:03:55 >  

# MonetDB server v5.9.0, based on kernel v1.27.0
# Serving database 'mTests_src_modules_mal', using 4 threads
# Compiled for x86_64-unknown-linux-gnu/64bit with 64bit OIDs dynamically linked
# Copyright (c) 1993-July 2008 CWI.
# Copyright (c) August 2008-2015 MonetDB B.V., all rights reserved
# Visit http://www.monetdb.org/ for further information
# Listening for connection requests on mapi:monetdb://vienna.da.cwi.nl:35410/
# Listening for UNIX domain connection requests on mapi:monetdb:///var/tmp/mtest-26774/.s.monetdb.35410
# MonetDB/GIS module loaded
# Start processing logs sql/sql_logs version 52200
# Start reading the write-ahead log 'sql_logs/sql/log.4'
# Finished reading the write-ahead log 'sql_logs/sql/log.4'
# Finished processing logs sql/sql_logs
# MonetDB/SQL module loaded
# MonetDB/R   module loaded

Ready.

# 09:46:12 >  
# 09:46:12 >  "mclient" "-lmal" "-ftest" "-Eutf-8" "--host=/var/tmp/mtest-26774" "--port=35410"
# 09:46:12 >  

stack depth 2
#-------------------------------------------------------------------------#
# view	stk	stk							  # name
# void	int	str							  # type
#--------------------------#
[ 0@0,	0,	"    (h=nil:bat[:int],t=nil:bat[:str]) := mdb.getStackTrace(); at user.tst[3]"	]
[ 1@0,	  1,	  "    user.tst(); at user.main[2]"			  ]
#-------------------------------------------------#
# view	stk	stk				  # name
# void	str	str				  # type
#-------------------------------------------------#
[ 0@0,	  "tst",  "0@0"				  ]
[ 1@0,	  "i",	  "2"				  ]
[ 2@0,	"X_2",	"0@0"  ]
[ 3@0,	"X_3",	"\"stack depth %d\\n\""  ]
[ 4@0,	  "h",	  "<view_stk_trace>"		  ]
[ 5@0,	  "t",	  "<view_stk_traceB>"		  ]
[ 6@0,	"X_6",	"0@0"  ]
[ 7@0,	  "b0",	  "<view_stk_frame>"		  ]
[ 8@0,	  "b1",	  "<view_stk_frameB>"		  ]
[ 9@0,	"X_9",	"0"  ]
[ 10@0,	"X_10",	"0@0"  ]
[ 11@0,	  "c0",	  "nil"				  ]
[ 12@0,	  "c1",	  "nil"				  ]
[ 13@0,	"X_13",	"1"  ]
[ 14@0,	"X_14",	"0@0"  ]
[ 15@0,	"X_15",	"nil"  ]
[ 16@0,	  "d0",	  "nil"				  ]
[ 17@0,	  "d1",	  "nil"				  ]
[ 18@0,	"X_18",	"2"  ]
#--------------------------#
# view	stk	stk	  # name
# void	str	str	  # type
#-------------------------#
[ 0@0,	  "tst",  "0@0"	  ]
[ 1@0,	  "i",	  "nil"	  ]
[ 2@0,	"X_2",	"0@0"  ]

# 09:13:25 >  
# 09:13:25 >  Done.
# 09:13:25 >  

