stdout of test 'zorder` in directory 'monetdb5/modules/mal` itself:


# 08:41:27 >  
# 08:41:27 >   mserver5 "--config=/ufs/mk/current//Linux/etc/monetdb5.conf" --debug=10 --set gdk_nr_threads=0 --set "monet_mod_path=/ufs/mk/current//Linux/lib/MonetDB5:/ufs/mk/current//Linux/lib/MonetDB5/lib:/ufs/mk/current//Linux/lib/MonetDB5/bin" --set "gdk_dbfarm=/ufs/mk/current//Linux/var/MonetDB5/dbfarm"  --set mapi_open=true --set xrpc_open=true --set mapi_port=33081 --set xrpc_port=46016 --set monet_prompt= --set mal_listing=2 --trace  --dbname=mTests_src_modules_mal  zorder.mal
# 08:41:27 >  

# MonetDB server v5.19.0, based on kernel v1.37.0
# Serving database 'mTests_src_modules_mal', using 4 threads
# Compiled for x86_64-unknown-linux-gnu/64bit with 64bit OIDs dynamically linked
# Found 7.751 GiB available main-memory.
# Copyright (c) 1993-July 2008 CWI.
# Copyright (c) August 2008-2015 MonetDB B.V., all rights reserved
# Visit http://www.monetdb.org/ for further information
# Listening for connection requests on mapi:monetdb://vienna.da.cwi.nl:35410/
# Listening for UNIX domain connection requests on mapi:monetdb:///var/tmp/mtest-26774/.s.monetdb.35410
# MonetDB/GIS module loaded
# Start processing logs sql/sql_logs version 52200
# Start reading the write-ahead log 'sql_logs/sql/log.4'
# Finished reading the write-ahead log 'sql_logs/sql/log.4'
# Finished processing logs sql/sql_logs
# MonetDB/SQL module loaded
# MonetDB/R   module loaded

Ready.

# 09:46:33 >  
# 09:46:33 >  "mclient" "-lmal" "-ftest" "-Eutf-8" "--host=/var/tmp/mtest-26774" "--port=35410"
# 09:46:33 >  

[ 0@0 ]
[ 1@0 ]
[ 2@0 ]
[ 3@0 ]
[ 4@0 ]
[ 5@0 ]
[ 6@0 ]
[ 7@0 ]
[ 8@0 ]
[ 9@0 ]
[ 10@0 ]
[ 11@0 ]
[ 0,	2	]
[ 1,	2	]
[ 0,	3	]
[ 1,	3	]
[ 0,	2	]
[ 1,	2	]
[ 0,	3	]
[ 1,	3	]
#--------------------------#
# t	t	t  # name
# void	int	int	  # type
#-------------------------#
[ 0@0,	  0,	  0	  ]
[ 1@0,	  1,	  0	  ]
[ 2@0,	  0,	  1	  ]
[ 3@0,	  1,	  1	  ]
[ 4@0,	  2,	  0	  ]
[ 5@0,	  3,	  0	  ]
[ 6@0,	  2,	  1	  ]
[ 7@0,	  3,	  1	  ]
[ 8@0,	  0,	  2	  ]
[ 9@0,	  1,	  2	  ]
[ 10@0,	  0,	  3	  ]
[ 11@0,	  1,	  3	  ]
[ 12@0,	  2,	  2	  ]
[ 13@0,	  3,	  2	  ]
[ 14@0,	  2,	  3	  ]
[ 15@0,	  3,	  3	  ]
#-----------------#
# h	t	  # name
# void	oid	  # type
#-----------------#
[ 0@0,	  0@0	  ]
[ 1@0,	  1@0	  ]
[ 2@0,	  2@0	  ]
[ 3@0,	  3@0	  ]
[ 4@0,	  4@0	  ]
[ 5@0,	  5@0	  ]
[ 6@0,	  6@0	  ]
[ 7@0,	  7@0	  ]
[ 8@0,	  8@0	  ]
[ 9@0,	  9@0	  ]
[ 10@0,	  10@0	  ]
[ 11@0,	  11@0	  ]
[ 12@0,	  12@0	  ]
[ 13@0,	  13@0	  ]
[ 14@0,	  14@0	  ]
[ 15@0,	  15@0	  ]
#-------------------------#
# h	t	t	  # name
# void	int	int	  # type
#-------------------------#
[ 0@0,	  0,	  0	  ]
[ 1@0,	  1,	  0	  ]
[ 2@0,	  0,	  1	  ]
[ 3@0,	  1,	  1	  ]
[ 4@0,	  2,	  0	  ]
[ 5@0,	  3,	  0	  ]
[ 6@0,	  2,	  1	  ]
[ 7@0,	  3,	  1	  ]
[ 8@0,	  0,	  2	  ]
[ 9@0,	  1,	  2	  ]
[ 10@0,	  0,	  3	  ]
[ 11@0,	  1,	  3	  ]
[ 12@0,	  2,	  2	  ]
[ 13@0,	  3,	  2	  ]
[ 14@0,	  2,	  3	  ]
[ 15@0,	  3,	  3	  ]
#-------------------------#
# h	t	t	  # name
# void	int	int	  # type
#-------------------------#
[ 0@0,	  0,	  0	  ]
[ 1@0,	  1,	  0	  ]
[ 2@0,	  0,	  1	  ]
[ 3@0,	  1,	  1	  ]
[ 4@0,	  2,	  0	  ]
[ 5@0,	  3,	  0	  ]
[ 6@0,	  2,	  1	  ]
[ 7@0,	  3,	  1	  ]
[ 8@0,	  0,	  2	  ]
[ 9@0,	  1,	  2	  ]
[ 10@0,	  0,	  3	  ]
[ 11@0,	  1,	  3	  ]
[ 12@0,	  2,	  2	  ]
[ 13@0,	  3,	  2	  ]
[ 14@0,	  2,	  3	  ]
[ 15@0,	  3,	  3	  ]
#-----------------#
# h	t	  # name
# void	oid	  # type
#-----------------#
[ 0@0,	  3@0	  ]
[ 1@0,	  9@0	  ]
[ 2@0,	  6@0	  ]
[ 3@0,	  12@0	  ]
#-------------------------#
# h	t	t	  # name
# void	int	int	  # type
#-------------------------#
[ 0@0,	  1,	  1	  ]
[ 1@0,	  1,	  2	  ]
[ 2@0,	  2,	  1	  ]
[ 3@0,	  2,	  2	  ]

# 08:41:28 >  
# 08:41:28 >  Done.
# 08:41:28 >  

