stdout of test 'geom_geometry` in directory 'geom/sql` itself:


# 20:49:34 >  
# 20:49:34 >   mserver5 "--config=/home/sjoerd/Monet/etc/monetdb5.conf" --debug=10 --set gdk_nr_threads=0 --set "monet_mod_path=/home/sjoerd/src/MonetDB/devel/geom/x86_64-unknown-linux-gnu/src/monetdb5/.libs:/home/sjoerd/src/MonetDB/devel/geom/x86_64-unknown-linux-gnu/src/monetdb5:/home/sjoerd/Monet/lib64/MonetDB5:/home/sjoerd/Monet/lib64/MonetDB5/lib:/home/sjoerd/Monet/lib64/MonetDB5/bin:/home/sjoerd/Monet/lib64/MonetDB5:/home/sjoerd/Monet/lib64/MonetDB5/lib:/home/sjoerd/Monet/lib64/MonetDB5/bin" --set "gdk_dbfarm=/home/sjoerd/src/MonetDB/devel/geom/x86_64-unknown-linux-gnu/dbfarm" --set "sql_logdir=/home/sjoerd/src/MonetDB/devel/geom/x86_64-unknown-linux-gnu/sql_logs" --set "xquery_logdir=/home/sjoerd/src/MonetDB/devel/geom/x86_64-unknown-linux-gnu/xquery_logs" --set mapi_open=true --set xrpc_open=true --set mapi_port=38689 --set xrpc_port=41370 --set monet_prompt= --trace  "--dbname=mTests_src_sql" --set mal_listing=0 "--dbinit=include geom; include sql;" ; echo ; echo Over..
# 20:49:34 >  

# MonetDB server v5.7.0, based on kernel v1.25.0
# Serving database 'mTests_src_sql', using 2 threads
# Compiled for x86_64-unknown-linux-gnu/64bit with 64bit OIDs dynamically linked
# Copyright (c) 1993-July 2008 CWI.
# Copyright (c) August 2008- MonetDB B.V., all rights reserved
# Visit http://monetdb.cwi.nl/ for further information
# Listening for connection requests on mapi:monetdb://koolmees.mullender.nl:38689/
# MonetDB/GIS module v0.5.0 loaded
# MonetDB/SQL module v2.25.0 loaded

Ready.
#function user.main():void;
#    clients.quit();
#end main;


# 21:57:03 >  
# 21:57:03 >  Mtimeout -timeout 60 MapiClient -lsql -umonetdb -Pmonetdb --host=localhost --port=32181 
# 21:57:03 >  

[ 1	]
[ 1	]
[ 1	]
[ 1	]
[ 1	]
% sys.geoms # table_name
% g # name
% geometry # type
% 0 # length
[ "POINT (10 10)"	]
[ "LINESTRING (10 10, 20 20, 30 40)"	]
[ "POLYGON ((10 10, 10 20, 20 20, 20 15, 10 10))"	]
[ "POLYGON ((10 10, 10 20, 20 20, 20 15, 10 10), (15 15, 15 20, 10 15, 15 15))"	]
[ NULL	]

# 21:57:03 >  
# 21:57:03 >  Done.
# 21:57:03 >  

