stdout of test 'inline10` in directory 'monetdb5/optimizer` itself:


# 11:53:01 >  
# 11:53:01 >   mserver5 "--config=/ufs/mk/monet5/Linux/etc/monetdb5.conf" --debug=10 --set "monet_mod_path=/ufs/mk/monet5//Linux/lib/MonetDB5:/ufs/mk/monet5//Linux/lib/MonetDB5/lib:/ufs/mk/monet5//Linux/lib/MonetDB5/bin" --set "gdk_dbfarm=/ufs/mk/monet5//Linux/var/MonetDB5/dbfarm" --set "sql_logdir=/ufs/mk/monet5//Linux/var/MonetDB5/sql_logs"  --set mapi_open=true --set xrpc_open=true --set mapi_port=36453 --set xrpc_port=42260 --set monet_prompt= --trace --dbname=mTests_src_optimizer  inline10.mal
# 11:53:01 >  

# MonetDB 5 server v11.22.0
# This is an unreleased version
# Serving database 'mTests_monetdb5_optimizer', using 8 threads
# Compiled for x86_64-unknown-linux-gnu/64bit with 64bit OIDs and 128bit integers dynamically linked
# Found 15.590 GiB available main-memory.
# Copyright (c) 1993-July 2008 CWI.
# Copyright (c) August 2008-2015 MonetDB B.V., all rights reserved
# Visit http://www.monetdb.org/ for further information
# Listening for connection requests on mapi:monetdb://vienna.ins.cwi.nl:39909/
# Listening for UNIX domain connection requests on mapi:monetdb:///var/tmp/mtest-2983/.s.monetdb.39909
# MonetDB/GIS module loaded
# Start processing logs sql/sql_logs version 52200
# Start reading the write-ahead log 'sql_logs/sql/log.4'
# Finished reading the write-ahead log 'sql_logs/sql/log.4'
# Finished processing logs sql/sql_logs
# MonetDB/SQL module loaded
# MonetDB/R   module loaded

Ready.

# 06:41:01 >  
# 06:41:01 >  "mclient" "-lmal" "-ftest" "-Eutf-8" "-i" "-e" "--host=/var/tmp/mtest-8837" "--port=33343"
# 06:41:01 >  

function user.qry():void;               	#[0] (0)  0 
    b:bat[:int] := bat.new(:oid,:int);  	#[1] (0) CMDBATnew 1 <- 2 3 
    bat.append(b:bat[:int],1:int);      	#[2] (0) BKCappend_val_wrap 4 <- 1 5 
    X_19:int := calc.+(1:int,2:int);    	#[3] (0) CMDvarADDsignal 19 <- 5 7 
    X_15:int := X_19:int;               	#[4] (0)  15 <- 19 
    zz:int := X_15:int;                 	#[5] (0)  6 <- 15 
# base line test for inlining           
    X_27:bat[:int] := batcalc.+(b:bat[:int],b:bat[:int]);	#[7] (0) CMDbatADDsignal 27 <- 1 1 
    X_23:bat[:int] := X_27:bat[:int];   	#[8] (0)  23 <- 27 
    z:bat[:int] := X_23:bat[:int];      	#[9] (0)  9 <- 23 
end user.qry;                           	#[10] (0)  

# 11:53:01 >  
# 11:53:01 >  Done.
# 11:53:01 >  

