stdout of test 'schemadiff.Bug-3778` in directory 'sql/test/BugTracker-2015` itself:


# 15:29:05 >  
# 15:29:05 >  "mserver5" "--debug=10" "--set" "gdk_nr_threads=0" "--set" "mapi_open=true" "--set" "mapi_port=33909" "--set" "mapi_usock=/var/tmp/mtest-7442/.s.monetdb.33909" "--set" "monet_prompt=" "--forcemito" "--set" "mal_listing=2" "--dbpath=/ufs/manegold/_/Monet/HG/default/prefix/_/var/MonetDB/mTests_sql_test_BugTracker-2015" "--set" "mal_listing=0" "--set" "embedded_r=yes"
# 15:29:05 >  

# MonetDB 5 server v11.22.0
# This is an unreleased version
# Serving database 'mTests_sql_test_BugTracker-2015', using 8 threads
# Compiled for x86_64-unknown-linux-gnu/64bit with 64bit OIDs and 128bit integers dynamically linked
# Found 15.590 GiB available main-memory.
# Copyright (c) 1993-July 2008 CWI.
# Copyright (c) August 2008-2015 MonetDB B.V., all rights reserved
# Visit http://www.monetdb.org/ for further information
# Listening for connection requests on mapi:monetdb://rome.ins.cwi.nl:33909/
# Listening for UNIX domain connection requests on mapi:monetdb:///var/tmp/mtest-7442/.s.monetdb.33909
# MonetDB/GIS module loaded
# Start processing logs sql/sql_logs version 52200
# Finished processing logs sql/sql_logs
# MonetDB/SQL module loaded
# MonetDB/R   module loaded

Ready.

# 15:29:05 >  
# 15:29:05 >  "/usr/bin/python2" "schemadiff.Bug-3778.SQL.py" "schemadiff.Bug-3778"
# 15:29:05 >  

(mapi:monetdb://monetdb@localhost/worker_0) 'user.l1' undefined in:     rmt5_X_1_bat_int:bat[:int] := user.l1();

# 15:29:06 >  
# 15:29:06 >  "Done."
# 15:29:06 >  

