stdout of test 'drop_tables_v` in directory 'sql/test/rdf` itself:


# 23:39:01 >  
# 23:39:01 >   mserver5 "--config=/ufs/goncalve/scratch/MonetDB/stable/debug/MonetDB5/etc/monetdb5.conf" --debug=10 --set gdk_nr_threads=0 --set "monet_mod_path=/ufs/goncalve/scratch/MonetDB/stable/debug/MonetDB5/lib/MonetDB5:/ufs/goncalve/scratch/MonetDB/stable/debug/MonetDB5/lib/MonetDB5/lib:/ufs/goncalve/scratch/MonetDB/stable/debug/MonetDB5/lib/MonetDB5/bin" --set "gdk_dbfarm=/ufs/goncalve/scratch/MonetDB/stable/debug/MonetDB5/var/MonetDB5/dbfarm"  --set mapi_open=true --set xrpc_open=true --set mapi_port=36195 --set xrpc_port=45264 --set monet_prompt= --trace  "--dbname=mTests_src_test_rdf" --set mal_listing=0 "--dbinit= include sql;" ; echo ; echo Over..
# 23:39:01 >  

# MonetDB server v5.16.4, based on kernel v1.34.4
# Serving database 'mTests_src_test_rdf', using 4 threads
# Compiled for x86_64-unknown-linux-gnu/64bit with 64bit OIDs dynamically linked
# Detected 7.753 GiB (8324337664 bytes) main-memory.
# Copyright (c) 1993-July 2008 CWI.
# Copyright (c) August 2008-2009 MonetDB B.V., all rights reserved
# Visit http://monetdb.cwi.nl/ for further information
# Listening for connection requests on mapi:monetdb://alviss.ins.cwi.nl:36195/
# MonetDB/SQL module v2.34.4 loaded

Ready.
#function user.main():void;
#    clients.quit();
#end main;


# 23:39:02 >  
# 23:39:02 >  mclient -lsql -i -umonetdb -Pmonetdb --host=alviss --port=36195 
# 23:39:02 >  


# 23:39:02 >  
# 23:39:02 >  Done.
# 23:39:02 >  

