stdout of test 'q2_28_v` in directory 'sql/test/rdf` itself:


# 23:32:52 >  
# 23:32:52 >   mserver5 "--config=/ufs/goncalve/scratch/MonetDB/stable/debug/MonetDB5/etc/monetdb5.conf" --debug=10 --set gdk_nr_threads=0 --set "monet_mod_path=/ufs/goncalve/scratch/MonetDB/stable/debug/MonetDB5/lib/MonetDB5:/ufs/goncalve/scratch/MonetDB/stable/debug/MonetDB5/lib/MonetDB5/lib:/ufs/goncalve/scratch/MonetDB/stable/debug/MonetDB5/lib/MonetDB5/bin" --set "gdk_dbfarm=/ufs/goncalve/scratch/MonetDB/stable/debug/MonetDB5/var/MonetDB5/dbfarm"  --set mapi_open=true --set xrpc_open=true --set mapi_port=33231 --set xrpc_port=41045 --set monet_prompt= --trace  "--dbname=mTests_src_test_rdf" --set mal_listing=0 "--dbinit= include sql;" ; echo ; echo Over..
# 23:32:52 >  

# MonetDB server v5.16.4, based on kernel v1.34.4
# Serving database 'mTests_src_test_rdf', using 4 threads
# Compiled for x86_64-unknown-linux-gnu/64bit with 64bit OIDs dynamically linked
# Detected 7.753 GiB (8324337664 bytes) main-memory.
# Copyright (c) 1993-July 2008 CWI.
# Copyright (c) August 2008-2009 MonetDB B.V., all rights reserved
# Visit http://monetdb.cwi.nl/ for further information
# Listening for connection requests on mapi:monetdb://alviss.ins.cwi.nl:33231/
# MonetDB/SQL module v2.34.4 loaded

Ready.
#function user.main():void;
#    clients.quit();
#end main;


# 23:32:52 >  
# 23:32:52 >  mclient -lsql -i -umonetdb -Pmonetdb --host=alviss --port=33231 
# 23:32:52 >  

% .trip,	.trip # table_name
% L1,	L2 # name
% char,	wrd # type
% 16,	1 # length
[ "prop14657017_pso",	0	]
[ "prop14657018_pso",	0	]
[ "prop14657019_pso",	0	]
[ "prop14657202_pso",	0	]
[ "prop14657206_pso",	0	]
[ "prop14657207_pso",	0	]
[ "prop14657210_pso",	0	]
[ "prop14657214_pso",	0	]
[ "prop14657215_pso",	0	]
[ "prop14657217_pso",	0	]
[ "prop14657220_pso",	0	]
[ "prop14657222_pso",	0	]
[ "prop14657234_pso",	0	]
[ "prop14657240_pso",	0	]
[ "prop14657244_pso",	0	]
[ "prop14657248_pso",	0	]
[ "prop14659533_pso",	0	]
[ "prop14659603_pso",	0	]
[ "prop14659613_pso",	0	]
[ "prop14659708_pso",	0	]
[ "prop14659801_pso",	0	]
[ "prop14659802_pso",	0	]
[ "prop14659939_pso",	0	]
[ "prop14660087_pso",	0	]
[ "prop14660290_pso",	0	]
[ "prop14660306_pso",	0	]
[ "prop14660329_pso",	0	]
[ "prop17582582_pso",	0	]

# 23:32:52 >  
# 23:32:52 >  Done.
# 23:32:52 >  

