stdout of test 'q4_t` in directory 'sql/test/rdf` itself:


# 23:32:55 >  
# 23:32:55 >   mserver5 "--config=/ufs/goncalve/scratch/MonetDB/stable/debug/MonetDB5/etc/monetdb5.conf" --debug=10 --set gdk_nr_threads=0 --set "monet_mod_path=/ufs/goncalve/scratch/MonetDB/stable/debug/MonetDB5/lib/MonetDB5:/ufs/goncalve/scratch/MonetDB/stable/debug/MonetDB5/lib/MonetDB5/lib:/ufs/goncalve/scratch/MonetDB/stable/debug/MonetDB5/lib/MonetDB5/bin" --set "gdk_dbfarm=/ufs/goncalve/scratch/MonetDB/stable/debug/MonetDB5/var/MonetDB5/dbfarm"  --set mapi_open=true --set xrpc_open=true --set mapi_port=33231 --set xrpc_port=41045 --set monet_prompt= --trace  "--dbname=mTests_src_test_rdf" --set mal_listing=0 "--dbinit= include sql;" ; echo ; echo Over..
# 23:32:55 >  

# MonetDB server v5.16.4, based on kernel v1.34.4
# Serving database 'mTests_src_test_rdf', using 4 threads
# Compiled for x86_64-unknown-linux-gnu/64bit with 64bit OIDs dynamically linked
# Detected 7.753 GiB (8324337664 bytes) main-memory.
# Copyright (c) 1993-July 2008 CWI.
# Copyright (c) August 2008-2009 MonetDB B.V., all rights reserved
# Visit http://monetdb.cwi.nl/ for further information
# Listening for connection requests on mapi:monetdb://alviss.ins.cwi.nl:33231/
# MonetDB/SQL module v2.34.4 loaded

Ready.
#function user.main():void;
#    clients.quit();
#end main;


# 23:32:55 >  
# 23:32:55 >  mclient -lsql -i -umonetdb -Pmonetdb --host=alviss --port=33231 
# 23:32:55 >  

# 12:08:50 >  
# 12:08:50 >  "mclient" "-lsql" "-ftest" "-Eutf-8" "-i" "-e" "--host=/var/tmp/mtest-23209" "--port=33225"
# 12:08:50 >  

#SELECT B.prop, B.obj, count(*)
#	FROM triples_pso AS A,
#	triples_pso AS B,
#	triples_pso AS C
#	WHERE A.subj = B.subj
#	AND A.prop = 17582582
#	AND A.obj = 14660332
#--       AND A.prop = '<type>'
#--       AND A.obj = '<Text>'
#	AND C.subj = B.subj
#	AND C.prop = 14659603
#	AND C.obj = 17106461
#--       AND C.prop = '<language>'
#--       AND C.obj =  '<language/iso639-2b/fre>'
#	GROUP BY B.prop, B.obj
#	HAVING count(*) > 1;
% sys.b,	sys.b,	sys.L1 # table_name
% prop,	obj,	L1 # name
% int,	int,	wrd # type
% 1,	1,	1 # length

# 23:32:55 >  
# 23:32:55 >  Done.
# 23:32:55 >  

