stdout of test '01-plan` in directory 'sql/benchmarks/ssbm` itself:


# 23:08:56 >  
# 23:08:56 >  "mserver5" "--debug=10" "--set" "gdk_nr_threads=0" "--set" "mapi_open=true" "--set" "mapi_port=36026" "--set" "mapi_usock=/var/tmp/mtest-16251/.s.monetdb.36026" "--set" "monet_prompt=" "--forcemito" "--set" "mal_listing=2" "--dbpath=/ufs/manegold/_/Monet/HG/Feb2013/prefix/--disable-debug_--enable-assert_--enable-optimize/var/MonetDB/mTests_sql_benchmarks_ssbm" "--set" "mal_listing=0"
# 23:08:56 >  

# MonetDB 5 server v11.15.12
# This is an unreleased version
# Serving database 'mTests_sql_benchmarks_ssbm', using 8 threads
# Compiled for x86_64-unknown-linux-gnu/64bit with 64bit OIDs dynamically linked
# Found 15.591 GiB available main-memory.
# Copyright (c) 1993-July 2008 CWI.
# Copyright (c) August 2008-2015 MonetDB B.V., all rights reserved
# Visit http://www.monetdb.org/ for further information
# Listening for connection requests on mapi:monetdb://rome.ins.cwi.nl:36026/
# Listening for UNIX domain connection requests on mapi:monetdb:///var/tmp/mtest-16251/.s.monetdb.36026
# MonetDB/GIS module loaded
# MonetDB/JAQL module loaded
# MonetDB/SQL module loaded

Ready.

# 23:08:56 >  
# 23:08:56 >  "/usr/bin/python2" "01-plan.SQL.py" "01-plan"
# 23:08:56 >  

#plan
#select sum(lo_extendedprice*lo_discount) as revenue
#	from lineorder, dwdate
#	where lo_orderdate = d_datekey
#		and d_year = 1993
#		and lo_discount between 1 and 3
#		and lo_quantity < 25;
% .plan # table_name
% rel # name
% clob # type
% 211 # length
project (
| group by (
| | join (
| | | select (
| | | | table(sys.lineorder) [ lineorder.lo_quantity, lineorder.lo_extendedprice, lineorder.lo_discount, lineorder.%lineorder_lo_orderdate_fkey NOT NULL JOINIDX sys.lineorder.lineorder_lo_orderdate_fkey ] COUNT 
| | | ) [ int "1" <= lineorder.lo_discount <= int "3", lineorder.lo_quantity < int "25" ],
| | | select (
| | | | table(sys.dwdate) [ dwdate.d_year, dwdate.%TID% NOT NULL ] COUNT 
| | | ) [ dwdate.d_year = int "1993" ]
| | ) [ lineorder.%lineorder_lo_orderdate_fkey NOT NULL = dwdate.%TID% NOT NULL JOINIDX sys.lineorder.lineorder_lo_orderdate_fkey ]
| ) [  ] [ sys.sum no nil (sys.sql_mul(bigint[lineorder.lo_extendedprice] as lineorder.lo_extendedprice, lineorder.lo_discount)) as L1.L1 ]
) [ L1 as L1.revenue ]

# 23:08:56 >  
# 23:08:56 >  "Done."
# 23:08:56 >  

