stdout of test 'file_s03` in directory 'sql/test/Via-m` itself:


# 09:51:08 >  
# 09:51:08 >   mserver5 "--config=/export/scratch0/rijke/monetdb20090623/etc/monetdb5.conf" --debug=10 --set gdk_nr_threads=0 --set "monet_mod_path=/export/scratch0/rijke/build/monetdb20090623/sql/src/backends/monet5/.libs:/export/scratch0/rijke/build/monetdb20090623/sql/src/backends/monet5:/export/scratch0/rijke/monetdb20090623/lib/MonetDB5:/export/scratch0/rijke/monetdb20090623/lib/MonetDB5/lib:/export/scratch0/rijke/monetdb20090623/lib/MonetDB5/bin" --set "gdk_dbfarm=/export/scratch0/rijke/build/monetdb20090623/sql/dbfarm"    --set mapi_open=true --set xrpc_open=true --set mapi_port=37935 --set xrpc_port=46533 --set monet_prompt= --trace  "--dbname=mTests_src_test_Via-m" --set mal_listing=0 "--dbinit= include sql;" ; echo ; echo Over..
# 09:51:08 >  

# MonetDB server v5.13.0, based on kernel v1.31.0
# Serving database 'mTests_src_test_Via-m', using 4 threads
# Compiled for x86_64-unknown-linux-gnu/64bit with 64bit OIDs dynamically linked
# Copyright (c) 1993-July 2008 CWI.
# Copyright (c) August 2008-2009 MonetDB B.V., all rights reserved
# Visit http://monetdb.cwi.nl/ for further information
# Listening for connection requests on mapi:monetdb://yngling.ins.cwi.nl:37935/
# MonetDB/SQL module v2.31.0 loaded

Ready.
#function user.main():void;
#    clients.quit();
#end main;


# 09:51:09 >  
# 09:51:09 >  mclient -lsql -umonetdb -Pmonetdb --host=yngling --port=37935 
# 09:51:09 >  

% sys.video_sets,	sys.video_sets,	sys.video_sets # table_name
% video_sets_id,	identifier,	set_name # name
% int,	int,	varchar # type
% 1,	2,	14 # length
[ 1,	21,	"fabchannel2007"	]
% sys.video_set,	sys.video_set,	sys.video_set # table_name
% video_set_id,	video_sets_id,	file_id # name
% int,	int,	int # type
% 1,	1,	1 # length
% sys.file,	sys.file,	sys.file,	sys.file,	sys.file,	sys.file,	sys.file,	sys.file,	sys.file,	sys.file,	sys.file # table_name
% file_id,	media_id,	filename,	codec,	bitrate,	identifier,	quid,	download_url,	account_name,	width,	height # name
% int,	int,	varchar,	varchar,	varchar,	varchar,	bigint,	varchar,	varchar,	int,	int # type
% 1,	1,	0,	0,	0,	0,	1,	0,	0,	1,	1 # length

# 09:51:09 >  
# 09:51:09 >  Done.
# 09:51:09 >  

