stdout of test 'python2_test_monetdb_sql` in directory 'sql/test/mapi` itself:


# 11:54:47 >  
# 11:54:47 >   mserver5 "--config=/ufs/manegold/_/scratch0/Monet/HG/default/prefix.--enable-strict_--disable-debug_--enable-optimize_--enable-assert/etc/monetdb5.conf" --debug=10 --set gdk_nr_threads=0 --set "monet_mod_path=/ufs/manegold/_/scratch0/Monet/HG/default/prefix.--enable-strict_--disable-debug_--enable-optimize_--enable-assert/lib64/MonetDB5:/ufs/manegold/_/scratch0/Monet/HG/default/prefix.--enable-strict_--disable-debug_--enable-optimize_--enable-assert/lib64/MonetDB5/lib:/ufs/manegold/_/scratch0/Monet/HG/default/prefix.--enable-strict_--disable-debug_--enable-optimize_--enable-assert/lib64/MonetDB5/bin" --set "gdk_dbfarm=/ufs/manegold/_/scratch0/Monet/HG/default/prefix.--enable-strict_--disable-debug_--enable-optimize_--enable-assert/var/MonetDB5/dbfarm"  --set mapi_open=true --set xrpc_open=true --set mapi_port=39459 --set xrpc_port=48456 --set monet_prompt= --set mal_listing=2 --trace  "--dbname=mTests_src_test_mapi" --set mal_listing=0 ; echo ; echo Over..
# 11:54:47 >  

# MonetDB server v5.21.0, based on kernel v1.39.0
# Not released
# Serving database 'mTests_src_test_mapi', using 4 threads
# Compiled for x86_64-unknown-linux-gnu/64bit with 64bit OIDs dynamically linked
# Found 7.751 GiB available main-memory.
# Copyright (c) 1993-July 2008 CWI.
# Copyright (c) August 2008-2015 MonetDB B.V., all rights reserved
# Visit http://monetdb.cwi.nl/ for further information
# Listening for connection requests on mapi:monetdb://rig.ins.cwi.nl:39459/
# MonetDB/SQL module v2.39.0 loaded
# MonetDB/GIS module v0.19.0 loaded

Ready.


# 11:54:47 >  
# 11:54:47 >  ./python_test_monetdb_sql.SQL.sh python_test_monetdb_sql 
# 11:54:47 >  


# 11:54:47 >  
# 11:54:47 >  python /net/rig.ins.cwi.nl/export/scratch0/manegold/Monet/HG/default/source/sql/../python/test/runtests.py
# 11:54:47 >  


# 11:54:48 >  
# 11:54:48 >  Done.
# 11:54:48 >  

