stdout of test '10-plan` in directory 'sql/benchmarks/tpch` itself:


# 22:46:31 >  
# 22:46:31 >  "mserver5" "--debug=10" "--set" "gdk_nr_threads=0" "--set" "mapi_open=true" "--set" "mapi_port=31690" "--set" "mapi_usock=/var/tmp/mtest-6004/.s.monetdb.31690" "--set" "monet_prompt=" "--forcemito" "--set" "mal_listing=2" "--dbpath=/ufs/manegold/_/Monet/HG/Feb2013/prefix/--disable-debug_--enable-assert_--enable-optimize/var/MonetDB/mTests_sql_benchmarks_tpch" "--set" "mal_listing=0"
# 22:46:31 >  

# MonetDB 5 server v11.15.12
# This is an unreleased version
# Serving database 'mTests_sql_benchmarks_tpch', using 8 threads
# Compiled for x86_64-unknown-linux-gnu/64bit with 64bit OIDs dynamically linked
# Found 15.591 GiB available main-memory.
# Copyright (c) 1993-July 2008 CWI.
# Copyright (c) August 2008-2015 MonetDB B.V., all rights reserved
# Visit http://www.monetdb.org/ for further information
# Listening for connection requests on mapi:monetdb://rome.ins.cwi.nl:31690/
# Listening for UNIX domain connection requests on mapi:monetdb:///var/tmp/mtest-6004/.s.monetdb.31690
# MonetDB/GIS module loaded
# MonetDB/JAQL module loaded
# MonetDB/SQL module loaded

Ready.

# 22:46:31 >  
# 22:46:31 >  "/usr/bin/python2" "10-plan.SQL.py" "10-plan"
# 22:46:31 >  

#plan select
#	c_custkey,
#	c_name,
#	sum(l_extendedprice * (1 - l_discount)) as revenue,
#	c_acctbal,
#	n_name,
#	c_address,
#	c_phone,
#	c_comment
#from
#	customer,
#	orders,
#	lineitem,
#	nation
#where
#	c_custkey = o_custkey
#	and l_orderkey = o_orderkey
#	and o_orderdate >= date '1993-10-01'
#	and o_orderdate < date '1993-10-01' + interval '3' month
#	and l_returnflag = 'R'
#	and c_nationkey = n_nationkey
#group by
#	c_custkey,
#	c_name,
#	c_acctbal,
#	c_phone,
#	n_name,
#	c_address,
#	c_comment
#order by
#	revenue desc
#limit 20;
% .plan # table_name
% rel # name
% clob # type
% 306 # length
top N (
| project (
| | project (
| | | join (
| | | | group by (
| | | | | join (
| | | | | | join (
| | | | | | | join (
| | | | | | | | select (
| | | | | | | | | table(sys.lineitem) [ lineitem.l_extendedprice NOT NULL, lineitem.l_discount NOT NULL, lineitem.l_returnflag NOT NULL, lineitem.%lineitem_l_orderkey_fkey NOT NULL JOINIDX sys.lineitem.lineitem_l_orderkey_fkey ] COUNT 
| | | | | | | | ) [ lineitem.l_returnflag NOT NULL = char(1) "R" ],
| | | | | | | | select (
| | | | | | | | | table(sys.orders) [ orders.o_orderdate NOT NULL, orders.%TID% NOT NULL, orders.%orders_o_custkey_fkey NOT NULL JOINIDX sys.orders.orders_o_custkey_fkey ] COUNT 
| | | | | | | | ) [ date "1993-10-01" <= orders.o_orderdate NOT NULL < sys.sql_add(date "1993-10-01", month_interval "3") ]
| | | | | | | ) [ lineitem.%lineitem_l_orderkey_fkey NOT NULL = orders.%TID% NOT NULL JOINIDX sys.lineitem.lineitem_l_orderkey_fkey ],
| | | | | | | table(sys.customer) [ customer.c_custkey NOT NULL HASHCOL , customer.%TID% NOT NULL, customer.%customer_c_nationkey_fkey NOT NULL JOINIDX sys.customer.customer_c_nationkey_fkey ] COUNT 
| | | | | | ) [ orders.%orders_o_custkey_fkey NOT NULL = customer.%TID% NOT NULL JOINIDX sys.orders.orders_o_custkey_fkey ],
| | | | | | table(sys.nation) [ nation.n_name NOT NULL, nation.%TID% NOT NULL ] COUNT 
| | | | | ) [ customer.%customer_c_nationkey_fkey NOT NULL = nation.%TID% NOT NULL JOINIDX sys.customer.customer_c_nationkey_fkey ]
| | | | ) [ customer.c_custkey NOT NULL HASHCOL , nation.n_name NOT NULL ] [ customer.c_custkey NOT NULL HASHCOL , nation.n_name NOT NULL, sys.sum no nil (sys.sql_mul(lineitem.l_extendedprice NOT NULL, sys.sql_sub(decimal(15,2)[tinyint "1"], lineitem.l_discount NOT NULL))) as L1.L1 ],
| | | | table(sys.customer) [ customer.c_custkey NOT NULL HASHCOL  as L2.c_custkey, customer.c_name NOT NULL as L2.c_name, customer.c_address NOT NULL as L2.c_address, customer.c_phone NOT NULL as L2.c_phone, customer.c_acctbal NOT NULL as L2.c_acctbal, customer.c_comment NOT NULL as L2.c_comment ] COUNT 
| | | ) [ customer.c_custkey NOT NULL = L2.c_custkey NOT NULL HASHCOL  FETCH  ]
| | ) [ customer.c_custkey NOT NULL HASHCOL , L2.c_name NOT NULL as customer.c_name, L2.c_acctbal NOT NULL as customer.c_acctbal, L2.c_phone NOT NULL as customer.c_phone, nation.n_name NOT NULL, L2.c_address NOT NULL as customer.c_address, L2.c_comment NOT NULL as customer.c_comment, L1.L1 ]
| ) [ customer.c_custkey NOT NULL, customer.c_name NOT NULL, L1 as L1.revenue, customer.c_acctbal NOT NULL, nation.n_name NOT NULL, customer.c_address NOT NULL, customer.c_phone NOT NULL, customer.c_comment NOT NULL ] [ L1.revenue ]
) [ wrd "20" ]

# 22:46:31 >  
# 22:46:31 >  "Done."
# 22:46:31 >  

