stdout of test '17-plan` in directory 'sql/benchmarks/tpch` itself:


# 22:46:33 >  
# 22:46:33 >  "mserver5" "--debug=10" "--set" "gdk_nr_threads=0" "--set" "mapi_open=true" "--set" "mapi_port=31690" "--set" "mapi_usock=/var/tmp/mtest-6004/.s.monetdb.31690" "--set" "monet_prompt=" "--forcemito" "--set" "mal_listing=2" "--dbpath=/ufs/manegold/_/Monet/HG/Feb2013/prefix/--disable-debug_--enable-assert_--enable-optimize/var/MonetDB/mTests_sql_benchmarks_tpch" "--set" "mal_listing=0"
# 22:46:33 >  

# MonetDB 5 server v11.15.12
# This is an unreleased version
# Serving database 'mTests_sql_benchmarks_tpch', using 8 threads
# Compiled for x86_64-unknown-linux-gnu/64bit with 64bit OIDs dynamically linked
# Found 15.591 GiB available main-memory.
# Copyright (c) 1993-July 2008 CWI.
# Copyright (c) August 2008-2015 MonetDB B.V., all rights reserved
# Visit http://www.monetdb.org/ for further information
# Listening for connection requests on mapi:monetdb://rome.ins.cwi.nl:31690/
# Listening for UNIX domain connection requests on mapi:monetdb:///var/tmp/mtest-6004/.s.monetdb.31690
# MonetDB/GIS module loaded
# MonetDB/JAQL module loaded
# MonetDB/SQL module loaded

Ready.

# 22:46:33 >  
# 22:46:33 >  "/usr/bin/python2" "17-plan.SQL.py" "17-plan"
# 22:46:33 >  

#plan select
#	sum(l_extendedprice) / 7.0 as avg_yearly
#from
#	lineitem,
#	part
#where
#	p_partkey = l_partkey
#	and p_brand = 'Brand#23'
#	and p_container = 'MED BOX'
#	and l_quantity < (
#		select
#			0.2 * avg(l_quantity)
#		from
#			lineitem
#		where
#			l_partkey = p_partkey
#	);
% .plan # table_name
% rel # name
% clob # type
% 216 # length
project (
| group by (
| | select (
| | | project (
| | | | group by (
| | | | | join (
| | | | | | table(sys.lineitem) [ lineitem.l_partkey NOT NULL as L4.l_partkey, lineitem.l_quantity NOT NULL as L4.l_quantity ] COUNT ,
| | | | | | project (
| | | | | | | join (
| | | | | | | | select (
| | | | | | | | | table(sys.part) [ part.p_partkey NOT NULL HASHCOL , part.p_brand NOT NULL, part.p_container NOT NULL ] COUNT 
| | | | | | | | ) [ part.p_brand NOT NULL = char(10) "Brand#23", part.p_container NOT NULL = char(10) "MED BOX" ],
| | | | | | | | table(sys.lineitem) [ lineitem.l_orderkey NOT NULL HASHCOL , lineitem.l_partkey NOT NULL, lineitem.l_quantity NOT NULL, lineitem.l_extendedprice NOT NULL ] COUNT 
| | | | | | | ) [ part.p_partkey NOT NULL HASHCOL  = lineitem.l_partkey NOT NULL ]
| | | | | | ) [ lineitem.l_orderkey NOT NULL HASHCOL , lineitem.l_quantity NOT NULL, lineitem.l_extendedprice NOT NULL, part.p_partkey NOT NULL HASHCOL , sys.identity(lineitem.l_orderkey NOT NULL) HASHCOL  as L5.L5 ]
| | | | | ) [ L4.l_partkey NOT NULL = part.p_partkey NOT NULL ]
| | | | ) [ L5.L5 ] [ lineitem.l_quantity NOT NULL, lineitem.l_extendedprice NOT NULL, L5.L5 HASHCOL , sys.avg no nil (double[L4.l_quantity NOT NULL] as lineitem.l_quantity) as L1.L1 ]
| | | ) [ lineitem.l_quantity NOT NULL, lineitem.l_extendedprice NOT NULL, sys.sql_mul(double(53,1) "0.200000", L1) as L2.L2 ]
| | ) [ double(53,2)[lineitem.l_quantity NOT NULL] < L2.L2 ]
| ) [  ] [ sys.sum no nil (lineitem.l_extendedprice NOT NULL) NOT NULL as L3.L3 ]
) [ sys.sql_div(decimal(19,5)[L3 NOT NULL] as L3, decimal(19,2)[decimal(2,1) "70"]) as L3.avg_yearly ]

# 22:46:33 >  
# 22:46:33 >  "Done."
# 22:46:33 >  

