stdout of test '22-plan` in directory 'sql/benchmarks/tpch` itself:


# 22:46:34 >  
# 22:46:34 >  "mserver5" "--debug=10" "--set" "gdk_nr_threads=0" "--set" "mapi_open=true" "--set" "mapi_port=31690" "--set" "mapi_usock=/var/tmp/mtest-6004/.s.monetdb.31690" "--set" "monet_prompt=" "--forcemito" "--set" "mal_listing=2" "--dbpath=/ufs/manegold/_/Monet/HG/Feb2013/prefix/--disable-debug_--enable-assert_--enable-optimize/var/MonetDB/mTests_sql_benchmarks_tpch" "--set" "mal_listing=0"
# 22:46:34 >  

# MonetDB 5 server v11.15.12
# This is an unreleased version
# Serving database 'mTests_sql_benchmarks_tpch', using 8 threads
# Compiled for x86_64-unknown-linux-gnu/64bit with 64bit OIDs dynamically linked
# Found 15.591 GiB available main-memory.
# Copyright (c) 1993-July 2008 CWI.
# Copyright (c) August 2008-2015 MonetDB B.V., all rights reserved
# Visit http://www.monetdb.org/ for further information
# Listening for connection requests on mapi:monetdb://rome.ins.cwi.nl:31690/
# Listening for UNIX domain connection requests on mapi:monetdb:///var/tmp/mtest-6004/.s.monetdb.31690
# MonetDB/GIS module loaded
# MonetDB/JAQL module loaded
# MonetDB/SQL module loaded

Ready.

# 22:46:34 >  
# 22:46:34 >  "/usr/bin/python2" "22-plan.SQL.py" "22-plan"
# 22:46:34 >  

#plan select
#	cntrycode,
#	count(*) as numcust,
#	sum(c_acctbal) as totacctbal
#from
#	(
#		select
#			substring(c_phone from 1 for 2) as cntrycode,
#			c_acctbal
#		from
#			customer
#		where
#			substring(c_phone from 1 for 2) in
#				('13', '31', '23', '29', '30', '18', '17')
#			and c_acctbal > (
#				select
#					avg(c_acctbal)
#				from
#					customer
#				where
#					c_acctbal > 0.00
#					and substring(c_phone from 1 for 2) in
#						('13', '31', '23', '29', '30', '18', '17')
#			)
#			and not exists (
#				select
#					*
#				from
% .plan # table_name
% rel # name
% clob # type
% 278 # length
project (
| group by (
| | project (
| | | antijoin (
| | | | project (
| | | | | semijoin (
| | | | | | select (
| | | | | | | table(sys.customer) [ customer.c_custkey NOT NULL HASHCOL , customer.c_phone NOT NULL, customer.c_acctbal NOT NULL ] COUNT 
| | | | | | ) [ sys.substring(char[customer.c_phone NOT NULL] as customer.c_phone, int "1", int "2") in (char(15) "13", char(15) "31", char(15) "23", char(15) "29", char(15) "30", char(15) "18", char(15) "17") ],
| | | | | | project (
| | | | | | | group by (
| | | | | | | | select (
| | | | | | | | | table(sys.customer) [ customer.c_phone NOT NULL, customer.c_acctbal NOT NULL ] COUNT 
| | | | | | | | ) [ customer.c_acctbal NOT NULL > decimal(15,2)[decimal(2,1) "0"], sys.substring(char[customer.c_phone NOT NULL] as customer.c_phone, int "1", int "2") in (char(15) "13", char(15) "31", char(15) "23", char(15) "29", char(15) "30", char(15) "18", char(15) "17") ]
| | | | | | | ) [  ] [ sys.avg no nil (double[customer.c_acctbal NOT NULL] as customer.c_acctbal) as L1.L1 ]
| | | | | | ) [ L1 as L1.L1 ]
| | | | | ) [ double(53,2)[customer.c_acctbal NOT NULL] > L1.L1 ]
| | | | ) [ customer.c_custkey NOT NULL HASHCOL , customer.c_phone NOT NULL, customer.c_acctbal NOT NULL ],
| | | | table(sys.orders) [ orders.o_custkey NOT NULL as L4.o_custkey ] COUNT 
| | | ) [ L4.o_custkey NOT NULL = customer.c_custkey NOT NULL ]
| | ) [ sys.substring(char[customer.c_phone NOT NULL] as customer.c_phone, int "1", int "2") as custsale.cntrycode, customer.c_acctbal NOT NULL as custsale.c_acctbal ]
| ) [ custsale.cntrycode ] [ custsale.cntrycode, sys.count() NOT NULL as L2.L2, sys.sum no nil (custsale.c_acctbal NOT NULL) NOT NULL as L3.L3 ]
) [ custsale.cntrycode, L2 NOT NULL as L2.numcust, L3 NOT NULL as L3.totacctbal ] [ custsale.cntrycode ASC ]

# 22:46:34 >  
# 22:46:34 >  "Done."
# 22:46:34 >  

